I'm sorry, but errors were detected in your script. Please correct the
errors listed below, and try again.


File "game/script_interacts.rpy", line 58: expected statement.
    refresh_location
                    ^

Ren'Py Version: Ren'Py 7.3.2.320
Mon Mar 14 15:44:29 2022
